<?xml version="1.0" encoding="utf-8"?><testsuites><testsuite name="pytest" errors="0" failures="0" skipped="0" tests="56" time="0.531" timestamp="2025-11-10T19:31:55.921512" hostname="MSI"><testcase classname="tests.test_payment_mock_stub" name="test_pay_late_fees_successful_payment" file="tests\test_payment_mock_stub.py" line="24" time="0.003" /><testcase classname="tests.test_payment_mock_stub" name="test_pay_late_fees_payment_declined" file="tests\test_payment_mock_stub.py" line="53" time="0.001" /><testcase classname="tests.test_payment_mock_stub" name="test_pay_late_fees_invalid_patron_id_not_called" file="tests\test_payment_mock_stub.py" line="81" time="0.001" /><testcase classname="tests.test_payment_mock_stub" name="test_pay_late_fees_zero_fee_not_called" file="tests\test_payment_mock_stub.py" line="93" time="0.001" /><testcase classname="tests.test_payment_mock_stub" name="test_pay_late_fees_network_error_handling" file="tests\test_payment_mock_stub.py" line="113" time="0.002" /><testcase classname="tests.test_payment_mock_stub" name="test_refund_late_fee_payment_success" file="tests\test_payment_mock_stub.py" line="137" time="0.001" /><testcase classname="tests.test_payment_mock_stub" name="test_refund_late_fee_payment_invalid_transaction_id_not_called[]" file="tests\test_payment_mock_stub.py" line="148" time="0.001" /><testcase classname="tests.test_payment_mock_stub" name="test_refund_late_fee_payment_invalid_transaction_id_not_called[abc]" file="tests\test_payment_mock_stub.py" line="148" time="0.001" /><testcase classname="tests.test_payment_mock_stub" name="test_refund_late_fee_payment_invalid_transaction_id_not_called[None]" file="tests\test_payment_mock_stub.py" line="148" time="0.001" /><testcase classname="tests.test_payment_mock_stub" name="test_refund_late_fee_payment_invalid_amounts_not_called[-1.0]" file="tests\test_payment_mock_stub.py" line="159" time="0.001" /><testcase classname="tests.test_payment_mock_stub" name="test_refund_late_fee_payment_invalid_amounts_not_called[0.0]" file="tests\test_payment_mock_stub.py" line="159" time="0.001" /><testcase classname="tests.test_payment_mock_stub" name="test_refund_late_fee_payment_invalid_amounts_not_called[16.0]" file="tests\test_payment_mock_stub.py" line="159" time="0.001" /><testcase classname="tests.test_r1" name="test_add_book_valid_input" file="tests\test_r1.py" line="67" time="0.001" /><testcase classname="tests.test_r1" name="test_add_book_missing_title" file="tests\test_r1.py" line="78" time="0.001" /><testcase classname="tests.test_r1" name="test_add_book_author_required" file="tests\test_r1.py" line="86" time="0.001" /><testcase classname="tests.test_r1" name="test_add_book_invalid_isbn_length" file="tests\test_r1.py" line="94" time="0.001" /><testcase classname="tests.test_r1" name="test_add_book_invalid_total_copies_nonpositive" file="tests\test_r1.py" line="101" time="0.001" /><testcase classname="tests.test_r1" name="test_add_book_duplicate_isbn" file="tests\test_r1.py" line="109" time="0.001" /><testcase classname="tests.test_r1" name="test_add_book_title_too_long" file="tests\test_r1.py" line="120" time="0.001" /><testcase classname="tests.test_r1" name="test_add_book_author_too_long" file="tests\test_r1.py" line="129" time="0.001" /><testcase classname="tests.test_r2" name="test_catalog_renders_headers_and_rows" file="tests\test_r2.py" line="58" time="0.022" /><testcase classname="tests.test_r2" name="test_catalog_shows_borrow_form_when_available" file="tests\test_r2.py" line="89" time="0.013" /><testcase classname="tests.test_r2" name="test_catalog_hides_borrow_form_when_unavailable" file="tests\test_r2.py" line="111" time="0.012" /><testcase classname="tests.test_r2" name="test_catalog_empty_state" file="tests\test_r2.py" line="124" time="0.012" /><testcase classname="tests.test_r2" name="test_catalog_mixed_rows_only_available_have_borrow_controls" file="tests\test_r2.py" line="132" time="0.013" /><testcase classname="tests.test_r2" name="test_catalog_escapes_html_in_titles_and_authors" file="tests\test_r2.py" line="153" time="0.012" /><testcase classname="tests.test_r3" name="test_borrow_book_valid_input" file="tests\test_r3.py" line="12" time="0.001" /><testcase classname="tests.test_r3" name="test_borrow_book_invalid_patron_id" file="tests\test_r3.py" line="25" time="0.000" /><testcase classname="tests.test_r3" name="test_borrow_book_not_found" file="tests\test_r3.py" line="33" time="0.001" /><testcase classname="tests.test_r3" name="test_borrow_book_not_available" file="tests\test_r3.py" line="42" time="0.001" /><testcase classname="tests.test_r3" name="test_borrow_book_patron_limit" file="tests\test_r3.py" line="52" time="0.001" /><testcase classname="tests.test_r3" name="test_borrow_book_fails_when_insert_record_errors" file="tests\test_r3.py" line="62" time="0.000" /><testcase classname="tests.test_r3" name="test_borrow_book_fails_when_availability_update_errors" file="tests\test_r3.py" line="77" time="0.001" /><testcase classname="tests.test_r4" name="test_return_book_valid_input" file="tests\test_r4.py" line="11" time="0.001" /><testcase classname="tests.test_r4" name="test_return_book_updates_late_fee" file="tests\test_r4.py" line="43" time="0.001" /><testcase classname="tests.test_r4" name="test_return_book_invalid_patron_id" file="tests\test_r4.py" line="76" time="0.000" /><testcase classname="tests.test_r4" name="test_return_book_not_borrowed" file="tests\test_r4.py" line="83" time="0.001" /><testcase classname="tests.test_r5" name="test_no_overdue_book" file="tests\test_r5.py" line="20" time="0.001" /><testcase classname="tests.test_r5" name="test_overdue_within_7_days" file="tests\test_r5.py" line="46" time="0.001" /><testcase classname="tests.test_r5" name="test_book_already_returned" file="tests\test_r5.py" line="71" time="0.001" /><testcase classname="tests.test_r5" name="test_overdue_more_than_7_days" file="tests\test_r5.py" line="86" time="0.001" /><testcase classname="tests.test_r5" name="test_overdue_fee_capped" file="tests\test_r5.py" line="111" time="0.001" /><testcase classname="tests.test_r5" name="test_invalid_patron_id_returns_zero_and_error" file="tests\test_r5.py" line="135" time="0.000" /><testcase classname="tests.test_r5" name="test_fee_exactly_seven_days_overdue" file="tests\test_r5.py" line="142" time="0.001" /><testcase classname="tests.test_r6" name="test_search_by_title_partial_case_insensitive" file="tests\test_r6.py" line="14" time="0.001" /><testcase classname="tests.test_r6" name="test_search_by_author_partial_case_insensitive" file="tests\test_r6.py" line="30" time="0.001" /><testcase classname="tests.test_r6" name="test_search_by_isbn_exact_match" file="tests\test_r6.py" line="46" time="0.001" /><testcase classname="tests.test_r6" name="test_search_by_isbn_no_partial_match" file="tests\test_r6.py" line="60" time="0.001" /><testcase classname="tests.test_r6" name="test_search_no_results" file="tests\test_r6.py" line="72" time="0.001" /><testcase classname="tests.test_r6" name="test_blank_query_returns_all" file="tests\test_r6.py" line="85" time="0.001" /><testcase classname="tests.test_r6" name="test_invalid_search_type_defaults_to_title" file="tests\test_r6.py" line="98" time="0.001" /><testcase classname="tests.test_r7" name="test_status_no_history" file="tests\test_r7.py" line="25" time="0.001" /><testcase classname="tests.test_r7" name="test_status_active_loans_only" file="tests\test_r7.py" line="38" time="0.001" /><testcase classname="tests.test_r7" name="test_status_overdue_generates_fees" file="tests\test_r7.py" line="72" time="0.001" /><testcase classname="tests.test_r7" name="test_status_mixed_active_and_returned" file="tests\test_r7.py" line="105" time="0.001" /><testcase classname="tests.test_r7" name="test_status_fee_cap" file="tests\test_r7.py" line="146" time="0.001" /></testsuite></testsuites>